// Jest Snapshot v1, https://goo.gl/fbAQLP

exports[`Search Bar component should render properly and match snapshot 1`] = `
<div>
  <input
    aria-label="Searchbar-for-pokemon"
    class="searchBar"
    data-testid="searchBar"
    placeholder="Search your PokÃ©mon here..."
    type="search"
    value=""
  />
</div>
`;
